// Jest Snapshot v1, https://goo.gl/fbAQLP

exports[`Maintainability rules should be valid 1`] = `
Object {
  "errorCount": 21,
  "failures": Array [
    Object {
      "endPosition": Object {
        "character": 14,
        "line": 60,
        "position": 808,
      },
      "failure": "There should be no space before \\"]\\"",
      "fix": Object {
        "innerLength": 1,
        "innerStart": 806,
        "innerText": "",
      },
      "name": "./fixtures/maintainability.ts",
      "ruleName": "array-bracket-spacing",
      "ruleSeverity": "ERROR",
      "startPosition": Object {
        "character": 13,
        "line": 60,
        "position": 807,
      },
    },
    Object {
      "endPosition": Object {
        "character": 15,
        "line": 59,
        "position": 792,
      },
      "failure": "There should be no space before '}'",
      "fix": Object {
        "innerLength": 1,
        "innerStart": 790,
        "innerText": "",
      },
      "name": "./fixtures/maintainability.ts",
      "ruleName": "object-curly-spacing",
      "ruleSeverity": "ERROR",
      "startPosition": Object {
        "character": 14,
        "line": 59,
        "position": 791,
      },
    },
    Object {
      "endPosition": Object {
        "character": 5,
        "line": 53,
        "position": 697,
      },
      "failure": "Shadowed name: 'a'",
      "fix": undefined,
      "name": "./fixtures/maintainability.ts",
      "ruleName": "no-shadowed-variable",
      "ruleSeverity": "ERROR",
      "startPosition": Object {
        "character": 4,
        "line": 53,
        "position": 696,
      },
    },
    Object {
      "endPosition": Object {
        "character": 10,
        "line": 61,
        "position": 820,
      },
      "failure": "Shadowed name: 'a'",
      "fix": undefined,
      "name": "./fixtures/maintainability.ts",
      "ruleName": "no-shadowed-variable",
      "ruleSeverity": "ERROR",
      "startPosition": Object {
        "character": 9,
        "line": 61,
        "position": 819,
      },
    },
    Object {
      "endPosition": Object {
        "character": 27,
        "line": 9,
        "position": 169,
      },
      "failure": "Buffer is deprecated: since v10.0.0 - Use \`Buffer.alloc()\` instead (also see \`Buffer.allocUnsafe()\`).",
      "fix": undefined,
      "name": "./fixtures/maintainability.ts",
      "ruleName": "deprecation",
      "ruleSeverity": "WARNING",
      "startPosition": Object {
        "character": 21,
        "line": 9,
        "position": 163,
      },
    },
    Object {
      "endPosition": Object {
        "character": 1,
        "line": 422,
        "position": 2714,
      },
      "failure": "file should end with a newline",
      "fix": Object {
        "innerLength": 0,
        "innerStart": 2714,
        "innerText": "
",
      },
      "name": "./fixtures/maintainability.ts",
      "ruleName": "eofline",
      "ruleSeverity": "ERROR",
      "startPosition": Object {
        "character": 1,
        "line": 422,
        "position": 2714,
      },
    },
    Object {
      "endPosition": Object {
        "character": 18,
        "line": 12,
        "position": 204,
      },
      "failure": "Expected linebreak to be 'LF'",
      "fix": Object {
        "innerLength": 1,
        "innerStart": 204,
        "innerText": "",
      },
      "name": "./fixtures/maintainability.ts",
      "ruleName": "linebreak-style",
      "ruleSeverity": "ERROR",
      "startPosition": Object {
        "character": 0,
        "line": 12,
        "position": 186,
      },
    },
    Object {
      "endPosition": Object {
        "character": 1,
        "line": 31,
        "position": 401,
      },
      "failure": "A maximum of 1 class per file is allowed.",
      "fix": undefined,
      "name": "./fixtures/maintainability.ts",
      "ruleName": "max-classes-per-file",
      "ruleSeverity": "ERROR",
      "startPosition": Object {
        "character": 0,
        "line": 28,
        "position": 357,
      },
    },
    Object {
      "endPosition": Object {
        "character": 1,
        "line": 422,
        "position": 2714,
      },
      "failure": "This file has 423 lines, which exceeds the maximum of 400 lines allowed. Consider breaking this file up into smaller parts",
      "fix": undefined,
      "name": "./fixtures/maintainability.ts",
      "ruleName": "max-file-line-count",
      "ruleSeverity": "WARNING",
      "startPosition": Object {
        "character": 0,
        "line": 422,
        "position": 2713,
      },
    },
    Object {
      "endPosition": Object {
        "character": 81,
        "line": 34,
        "position": 501,
      },
      "failure": "Exceeds maximum line length of 79",
      "fix": undefined,
      "name": "./fixtures/maintainability.ts",
      "ruleName": "max-line-length",
      "ruleSeverity": "WARNING",
      "startPosition": Object {
        "character": 0,
        "line": 34,
        "position": 420,
      },
    },
    Object {
      "endPosition": Object {
        "character": 6,
        "line": 37,
        "position": 531,
      },
      "failure": "Use of default exports is forbidden",
      "fix": undefined,
      "name": "./fixtures/maintainability.ts",
      "ruleName": "no-default-export",
      "ruleSeverity": "ERROR",
      "startPosition": Object {
        "character": 0,
        "line": 37,
        "position": 525,
      },
    },
    Object {
      "endPosition": Object {
        "character": 7,
        "line": 49,
        "position": 667,
      },
      "failure": "The key 'array' is not sorted alphabetically",
      "fix": undefined,
      "name": "./fixtures/maintainability.ts",
      "ruleName": "object-literal-sort-keys",
      "ruleSeverity": "ERROR",
      "startPosition": Object {
        "character": 2,
        "line": 49,
        "position": 662,
      },
    },
    Object {
      "endPosition": Object {
        "character": 7,
        "line": 60,
        "position": 801,
      },
      "failure": "The key 'array' is not sorted alphabetically",
      "fix": undefined,
      "name": "./fixtures/maintainability.ts",
      "ruleName": "object-literal-sort-keys",
      "ruleSeverity": "ERROR",
      "startPosition": Object {
        "character": 2,
        "line": 60,
        "position": 796,
      },
    },
    Object {
      "endPosition": Object {
        "character": 5,
        "line": 42,
        "position": 584,
      },
      "failure": "Identifier 'g' is never reassigned; use 'const' instead of 'let'.",
      "fix": Object {
        "innerLength": 3,
        "innerStart": 579,
        "innerText": "const",
      },
      "name": "./fixtures/maintainability.ts",
      "ruleName": "prefer-const",
      "ruleSeverity": "ERROR",
      "startPosition": Object {
        "character": 4,
        "line": 42,
        "position": 583,
      },
    },
    Object {
      "endPosition": Object {
        "character": 5,
        "line": 47,
        "position": 654,
      },
      "failure": "Missing trailing comma",
      "fix": Object {
        "innerLength": 0,
        "innerStart": 654,
        "innerText": ",",
      },
      "name": "./fixtures/maintainability.ts",
      "ruleName": "trailing-comma",
      "ruleSeverity": "ERROR",
      "startPosition": Object {
        "character": 5,
        "line": 47,
        "position": 654,
      },
    },
    Object {
      "endPosition": Object {
        "character": 5,
        "line": 50,
        "position": 676,
      },
      "failure": "Missing trailing comma",
      "fix": Object {
        "innerLength": 0,
        "innerStart": 676,
        "innerText": ",",
      },
      "name": "./fixtures/maintainability.ts",
      "ruleName": "trailing-comma",
      "ruleSeverity": "ERROR",
      "startPosition": Object {
        "character": 5,
        "line": 50,
        "position": 676,
      },
    },
    Object {
      "endPosition": Object {
        "character": 13,
        "line": 53,
        "position": 705,
      },
      "failure": "Missing trailing comma",
      "fix": Object {
        "innerLength": 0,
        "innerStart": 705,
        "innerText": ",",
      },
      "name": "./fixtures/maintainability.ts",
      "ruleName": "trailing-comma",
      "ruleSeverity": "ERROR",
      "startPosition": Object {
        "character": 13,
        "line": 53,
        "position": 705,
      },
    },
    Object {
      "endPosition": Object {
        "character": 13,
        "line": 59,
        "position": 790,
      },
      "failure": "Unnecessary trailing comma",
      "fix": Object {
        "innerLength": 1,
        "innerStart": 789,
        "innerText": "",
      },
      "name": "./fixtures/maintainability.ts",
      "ruleName": "trailing-comma",
      "ruleSeverity": "ERROR",
      "startPosition": Object {
        "character": 12,
        "line": 59,
        "position": 789,
      },
    },
    Object {
      "endPosition": Object {
        "character": 12,
        "line": 60,
        "position": 806,
      },
      "failure": "Unnecessary trailing comma",
      "fix": Object {
        "innerLength": 1,
        "innerStart": 805,
        "innerText": "",
      },
      "name": "./fixtures/maintainability.ts",
      "ruleName": "trailing-comma",
      "ruleSeverity": "ERROR",
      "startPosition": Object {
        "character": 11,
        "line": 60,
        "position": 805,
      },
    },
    Object {
      "endPosition": Object {
        "character": 19,
        "line": 61,
        "position": 829,
      },
      "failure": "Unnecessary trailing comma",
      "fix": Object {
        "innerLength": 1,
        "innerStart": 828,
        "innerText": "",
      },
      "name": "./fixtures/maintainability.ts",
      "ruleName": "trailing-comma",
      "ruleSeverity": "ERROR",
      "startPosition": Object {
        "character": 18,
        "line": 61,
        "position": 828,
      },
    },
    Object {
      "endPosition": Object {
        "character": 11,
        "line": 67,
        "position": 911,
      },
      "failure": "Forbidden trailing comma",
      "fix": Object {
        "innerLength": 1,
        "innerStart": 910,
        "innerText": "",
      },
      "name": "./fixtures/maintainability.ts",
      "ruleName": "trailing-comma",
      "ruleSeverity": "ERROR",
      "startPosition": Object {
        "character": 10,
        "line": 67,
        "position": 910,
      },
    },
    Object {
      "endPosition": Object {
        "character": 20,
        "line": 61,
        "position": 830,
      },
      "failure": "missing whitespace",
      "fix": Object {
        "innerLength": 0,
        "innerStart": 829,
        "innerText": " ",
      },
      "name": "./fixtures/maintainability.ts",
      "ruleName": "whitespace",
      "ruleSeverity": "ERROR",
      "startPosition": Object {
        "character": 19,
        "line": 61,
        "position": 829,
      },
    },
    Object {
      "endPosition": Object {
        "character": 11,
        "line": 2,
        "position": 57,
      },
      "failure": "Mergeable namespace 'a' found. Merge its contents with the namespace on line 2.",
      "fix": undefined,
      "name": "./fixtures/maintainability.ts",
      "ruleName": "no-mergeable-namespace",
      "ruleSeverity": "ERROR",
      "startPosition": Object {
        "character": 10,
        "line": 2,
        "position": 56,
      },
    },
    Object {
      "endPosition": Object {
        "character": 11,
        "line": 19,
        "position": 275,
      },
      "failure": "Private member variable 'x' is never reassigned; mark it as 'readonly'.",
      "fix": Object {
        "innerLength": 0,
        "innerStart": 273,
        "innerText": " readonly",
      },
      "name": "./fixtures/maintainability.ts",
      "ruleName": "prefer-readonly",
      "ruleSeverity": "ERROR",
      "startPosition": Object {
        "character": 10,
        "line": 19,
        "position": 274,
      },
    },
  ],
  "fixes": Array [],
  "format": "prose",
  "output": "
ERROR: ./fixtures/maintainability.ts[3, 11]: Mergeable namespace 'a' found. Merge its contents with the namespace on line 2.
WARNING: ./fixtures/maintainability.ts[10, 22]: Buffer is deprecated: since v10.0.0 - Use \`Buffer.alloc()\` instead (also see \`Buffer.allocUnsafe()\`).
ERROR: ./fixtures/maintainability.ts[13, 1]: Expected linebreak to be 'LF'
ERROR: ./fixtures/maintainability.ts[20, 11]: Private member variable 'x' is never reassigned; mark it as 'readonly'.
ERROR: ./fixtures/maintainability.ts[29, 1]: A maximum of 1 class per file is allowed.
WARNING: ./fixtures/maintainability.ts[35, 1]: Exceeds maximum line length of 79
ERROR: ./fixtures/maintainability.ts[38, 1]: Use of default exports is forbidden
ERROR: ./fixtures/maintainability.ts[43, 5]: Identifier 'g' is never reassigned; use 'const' instead of 'let'.
ERROR: ./fixtures/maintainability.ts[48, 6]: Missing trailing comma
ERROR: ./fixtures/maintainability.ts[50, 3]: The key 'array' is not sorted alphabetically
ERROR: ./fixtures/maintainability.ts[51, 6]: Missing trailing comma
ERROR: ./fixtures/maintainability.ts[54, 5]: Shadowed name: 'a'
ERROR: ./fixtures/maintainability.ts[54, 14]: Missing trailing comma
ERROR: ./fixtures/maintainability.ts[60, 13]: Unnecessary trailing comma
ERROR: ./fixtures/maintainability.ts[60, 15]: There should be no space before '}'
ERROR: ./fixtures/maintainability.ts[61, 3]: The key 'array' is not sorted alphabetically
ERROR: ./fixtures/maintainability.ts[61, 12]: Unnecessary trailing comma
ERROR: ./fixtures/maintainability.ts[61, 14]: There should be no space before \\"]\\"
ERROR: ./fixtures/maintainability.ts[62, 10]: Shadowed name: 'a'
ERROR: ./fixtures/maintainability.ts[62, 19]: Unnecessary trailing comma
ERROR: ./fixtures/maintainability.ts[62, 20]: missing whitespace
ERROR: ./fixtures/maintainability.ts[68, 11]: Forbidden trailing comma
WARNING: ./fixtures/maintainability.ts[423, 1]: This file has 423 lines, which exceeds the maximum of 400 lines allowed. Consider breaking this file up into smaller parts
ERROR: ./fixtures/maintainability.ts[423, 2]: file should end with a newline
",
  "warningCount": 3,
}
`;
