// Jest Snapshot v1, https://goo.gl/fbAQLP

exports[`Maintainability rules should be valid 1`] = `
Object {
  "errorCount": 22,
  "failures": Array [
    Object {
      "endPosition": Object {
        "character": 14,
        "line": 63,
        "position": 893,
      },
      "failure": "There should be no space before \\"]\\"",
      "fix": Object {
        "innerLength": 1,
        "innerStart": 891,
        "innerText": "",
      },
      "name": "./fixtures/maintainability.ts",
      "ruleName": "array-bracket-spacing",
      "ruleSeverity": "ERROR",
      "startPosition": Object {
        "character": 13,
        "line": 63,
        "position": 892,
      },
    },
    Object {
      "endPosition": Object {
        "character": 15,
        "line": 62,
        "position": 877,
      },
      "failure": "There should be no space before '}'",
      "fix": Object {
        "innerLength": 1,
        "innerStart": 875,
        "innerText": "",
      },
      "name": "./fixtures/maintainability.ts",
      "ruleName": "object-curly-spacing",
      "ruleSeverity": "ERROR",
      "startPosition": Object {
        "character": 14,
        "line": 62,
        "position": 876,
      },
    },
    Object {
      "endPosition": Object {
        "character": 5,
        "line": 56,
        "position": 782,
      },
      "failure": "Shadowed name: 'a'",
      "fix": undefined,
      "name": "./fixtures/maintainability.ts",
      "ruleName": "no-shadowed-variable",
      "ruleSeverity": "ERROR",
      "startPosition": Object {
        "character": 4,
        "line": 56,
        "position": 781,
      },
    },
    Object {
      "endPosition": Object {
        "character": 10,
        "line": 64,
        "position": 905,
      },
      "failure": "Shadowed name: 'a'",
      "fix": undefined,
      "name": "./fixtures/maintainability.ts",
      "ruleName": "no-shadowed-variable",
      "ruleSeverity": "ERROR",
      "startPosition": Object {
        "character": 9,
        "line": 64,
        "position": 904,
      },
    },
    Object {
      "endPosition": Object {
        "character": 49,
        "line": 12,
        "position": 254,
      },
      "failure": "ServerRequest is deprecated: Use IncomingMessage",
      "fix": undefined,
      "name": "./fixtures/maintainability.ts",
      "ruleName": "deprecation",
      "ruleSeverity": "WARNING",
      "startPosition": Object {
        "character": 36,
        "line": 12,
        "position": 241,
      },
    },
    Object {
      "endPosition": Object {
        "character": 1,
        "line": 425,
        "position": 2799,
      },
      "failure": "file should end with a newline",
      "fix": Object {
        "innerLength": 0,
        "innerStart": 2799,
        "innerText": "
",
      },
      "name": "./fixtures/maintainability.ts",
      "ruleName": "eofline",
      "ruleSeverity": "ERROR",
      "startPosition": Object {
        "character": 1,
        "line": 425,
        "position": 2799,
      },
    },
    Object {
      "endPosition": Object {
        "character": 18,
        "line": 15,
        "position": 289,
      },
      "failure": "Expected linebreak to be 'LF'",
      "fix": Object {
        "innerLength": 1,
        "innerStart": 289,
        "innerText": "",
      },
      "name": "./fixtures/maintainability.ts",
      "ruleName": "linebreak-style",
      "ruleSeverity": "ERROR",
      "startPosition": Object {
        "character": 0,
        "line": 15,
        "position": 271,
      },
    },
    Object {
      "endPosition": Object {
        "character": 1,
        "line": 34,
        "position": 486,
      },
      "failure": "A maximum of 1 class per file is allowed.",
      "fix": undefined,
      "name": "./fixtures/maintainability.ts",
      "ruleName": "max-classes-per-file",
      "ruleSeverity": "ERROR",
      "startPosition": Object {
        "character": 0,
        "line": 31,
        "position": 442,
      },
    },
    Object {
      "endPosition": Object {
        "character": 1,
        "line": 425,
        "position": 2799,
      },
      "failure": "This file has 426 lines, which exceeds the maximum of 400 lines allowed. Consider breaking this file up into smaller parts",
      "fix": undefined,
      "name": "./fixtures/maintainability.ts",
      "ruleName": "max-file-line-count",
      "ruleSeverity": "WARNING",
      "startPosition": Object {
        "character": 0,
        "line": 425,
        "position": 2798,
      },
    },
    Object {
      "endPosition": Object {
        "character": 81,
        "line": 37,
        "position": 586,
      },
      "failure": "Exceeds maximum line length of 79",
      "fix": undefined,
      "name": "./fixtures/maintainability.ts",
      "ruleName": "max-line-length",
      "ruleSeverity": "WARNING",
      "startPosition": Object {
        "character": 0,
        "line": 37,
        "position": 505,
      },
    },
    Object {
      "endPosition": Object {
        "character": 6,
        "line": 40,
        "position": 616,
      },
      "failure": "Use of default exports is forbidden",
      "fix": undefined,
      "name": "./fixtures/maintainability.ts",
      "ruleName": "no-default-export",
      "ruleSeverity": "ERROR",
      "startPosition": Object {
        "character": 0,
        "line": 40,
        "position": 610,
      },
    },
    Object {
      "endPosition": Object {
        "character": 12,
        "line": 42,
        "position": 640,
      },
      "failure": "Multiple imports from 'net' can be combined into one.",
      "fix": undefined,
      "name": "./fixtures/maintainability.ts",
      "ruleName": "no-duplicate-imports",
      "ruleSeverity": "ERROR",
      "startPosition": Object {
        "character": 0,
        "line": 42,
        "position": 628,
      },
    },
    Object {
      "endPosition": Object {
        "character": 7,
        "line": 52,
        "position": 752,
      },
      "failure": "The key 'array' is not sorted alphabetically",
      "fix": undefined,
      "name": "./fixtures/maintainability.ts",
      "ruleName": "object-literal-sort-keys",
      "ruleSeverity": "ERROR",
      "startPosition": Object {
        "character": 2,
        "line": 52,
        "position": 747,
      },
    },
    Object {
      "endPosition": Object {
        "character": 7,
        "line": 63,
        "position": 886,
      },
      "failure": "The key 'array' is not sorted alphabetically",
      "fix": undefined,
      "name": "./fixtures/maintainability.ts",
      "ruleName": "object-literal-sort-keys",
      "ruleSeverity": "ERROR",
      "startPosition": Object {
        "character": 2,
        "line": 63,
        "position": 881,
      },
    },
    Object {
      "endPosition": Object {
        "character": 5,
        "line": 45,
        "position": 669,
      },
      "failure": "Identifier 'g' is never reassigned; use 'const' instead of 'let'.",
      "fix": Object {
        "innerLength": 3,
        "innerStart": 664,
        "innerText": "const",
      },
      "name": "./fixtures/maintainability.ts",
      "ruleName": "prefer-const",
      "ruleSeverity": "ERROR",
      "startPosition": Object {
        "character": 4,
        "line": 45,
        "position": 668,
      },
    },
    Object {
      "endPosition": Object {
        "character": 5,
        "line": 50,
        "position": 739,
      },
      "failure": "Missing trailing comma",
      "fix": Object {
        "innerLength": 0,
        "innerStart": 739,
        "innerText": ",",
      },
      "name": "./fixtures/maintainability.ts",
      "ruleName": "trailing-comma",
      "ruleSeverity": "ERROR",
      "startPosition": Object {
        "character": 5,
        "line": 50,
        "position": 739,
      },
    },
    Object {
      "endPosition": Object {
        "character": 5,
        "line": 53,
        "position": 761,
      },
      "failure": "Missing trailing comma",
      "fix": Object {
        "innerLength": 0,
        "innerStart": 761,
        "innerText": ",",
      },
      "name": "./fixtures/maintainability.ts",
      "ruleName": "trailing-comma",
      "ruleSeverity": "ERROR",
      "startPosition": Object {
        "character": 5,
        "line": 53,
        "position": 761,
      },
    },
    Object {
      "endPosition": Object {
        "character": 13,
        "line": 56,
        "position": 790,
      },
      "failure": "Missing trailing comma",
      "fix": Object {
        "innerLength": 0,
        "innerStart": 790,
        "innerText": ",",
      },
      "name": "./fixtures/maintainability.ts",
      "ruleName": "trailing-comma",
      "ruleSeverity": "ERROR",
      "startPosition": Object {
        "character": 13,
        "line": 56,
        "position": 790,
      },
    },
    Object {
      "endPosition": Object {
        "character": 13,
        "line": 62,
        "position": 875,
      },
      "failure": "Unnecessary trailing comma",
      "fix": Object {
        "innerLength": 1,
        "innerStart": 874,
        "innerText": "",
      },
      "name": "./fixtures/maintainability.ts",
      "ruleName": "trailing-comma",
      "ruleSeverity": "ERROR",
      "startPosition": Object {
        "character": 12,
        "line": 62,
        "position": 874,
      },
    },
    Object {
      "endPosition": Object {
        "character": 12,
        "line": 63,
        "position": 891,
      },
      "failure": "Unnecessary trailing comma",
      "fix": Object {
        "innerLength": 1,
        "innerStart": 890,
        "innerText": "",
      },
      "name": "./fixtures/maintainability.ts",
      "ruleName": "trailing-comma",
      "ruleSeverity": "ERROR",
      "startPosition": Object {
        "character": 11,
        "line": 63,
        "position": 890,
      },
    },
    Object {
      "endPosition": Object {
        "character": 19,
        "line": 64,
        "position": 914,
      },
      "failure": "Unnecessary trailing comma",
      "fix": Object {
        "innerLength": 1,
        "innerStart": 913,
        "innerText": "",
      },
      "name": "./fixtures/maintainability.ts",
      "ruleName": "trailing-comma",
      "ruleSeverity": "ERROR",
      "startPosition": Object {
        "character": 18,
        "line": 64,
        "position": 913,
      },
    },
    Object {
      "endPosition": Object {
        "character": 11,
        "line": 70,
        "position": 996,
      },
      "failure": "Forbidden trailing comma",
      "fix": Object {
        "innerLength": 1,
        "innerStart": 995,
        "innerText": "",
      },
      "name": "./fixtures/maintainability.ts",
      "ruleName": "trailing-comma",
      "ruleSeverity": "ERROR",
      "startPosition": Object {
        "character": 10,
        "line": 70,
        "position": 995,
      },
    },
    Object {
      "endPosition": Object {
        "character": 20,
        "line": 64,
        "position": 915,
      },
      "failure": "missing whitespace",
      "fix": Object {
        "innerLength": 0,
        "innerStart": 914,
        "innerText": " ",
      },
      "name": "./fixtures/maintainability.ts",
      "ruleName": "whitespace",
      "ruleSeverity": "ERROR",
      "startPosition": Object {
        "character": 19,
        "line": 64,
        "position": 914,
      },
    },
    Object {
      "endPosition": Object {
        "character": 11,
        "line": 5,
        "position": 120,
      },
      "failure": "Mergeable namespace 'a' found. Merge its contents with the namespace on line 5.",
      "fix": undefined,
      "name": "./fixtures/maintainability.ts",
      "ruleName": "no-mergeable-namespace",
      "ruleSeverity": "ERROR",
      "startPosition": Object {
        "character": 10,
        "line": 5,
        "position": 119,
      },
    },
    Object {
      "endPosition": Object {
        "character": 11,
        "line": 22,
        "position": 360,
      },
      "failure": "Private member variable 'x' is never reassigned; mark it as 'readonly'.",
      "fix": Object {
        "innerLength": 0,
        "innerStart": 358,
        "innerText": " readonly",
      },
      "name": "./fixtures/maintainability.ts",
      "ruleName": "prefer-readonly",
      "ruleSeverity": "ERROR",
      "startPosition": Object {
        "character": 10,
        "line": 22,
        "position": 359,
      },
    },
  ],
  "fixes": Array [],
  "format": "prose",
  "output": "
ERROR: ./fixtures/maintainability.ts[6, 11]: Mergeable namespace 'a' found. Merge its contents with the namespace on line 5.
WARNING: ./fixtures/maintainability.ts[13, 37]: ServerRequest is deprecated: Use IncomingMessage
ERROR: ./fixtures/maintainability.ts[16, 1]: Expected linebreak to be 'LF'
ERROR: ./fixtures/maintainability.ts[23, 11]: Private member variable 'x' is never reassigned; mark it as 'readonly'.
ERROR: ./fixtures/maintainability.ts[32, 1]: A maximum of 1 class per file is allowed.
WARNING: ./fixtures/maintainability.ts[38, 1]: Exceeds maximum line length of 79
ERROR: ./fixtures/maintainability.ts[41, 1]: Use of default exports is forbidden
ERROR: ./fixtures/maintainability.ts[43, 1]: Multiple imports from 'net' can be combined into one.
ERROR: ./fixtures/maintainability.ts[46, 5]: Identifier 'g' is never reassigned; use 'const' instead of 'let'.
ERROR: ./fixtures/maintainability.ts[51, 6]: Missing trailing comma
ERROR: ./fixtures/maintainability.ts[53, 3]: The key 'array' is not sorted alphabetically
ERROR: ./fixtures/maintainability.ts[54, 6]: Missing trailing comma
ERROR: ./fixtures/maintainability.ts[57, 5]: Shadowed name: 'a'
ERROR: ./fixtures/maintainability.ts[57, 14]: Missing trailing comma
ERROR: ./fixtures/maintainability.ts[63, 13]: Unnecessary trailing comma
ERROR: ./fixtures/maintainability.ts[63, 15]: There should be no space before '}'
ERROR: ./fixtures/maintainability.ts[64, 3]: The key 'array' is not sorted alphabetically
ERROR: ./fixtures/maintainability.ts[64, 12]: Unnecessary trailing comma
ERROR: ./fixtures/maintainability.ts[64, 14]: There should be no space before \\"]\\"
ERROR: ./fixtures/maintainability.ts[65, 10]: Shadowed name: 'a'
ERROR: ./fixtures/maintainability.ts[65, 19]: Unnecessary trailing comma
ERROR: ./fixtures/maintainability.ts[65, 20]: missing whitespace
ERROR: ./fixtures/maintainability.ts[71, 11]: Forbidden trailing comma
WARNING: ./fixtures/maintainability.ts[426, 1]: This file has 426 lines, which exceeds the maximum of 400 lines allowed. Consider breaking this file up into smaller parts
ERROR: ./fixtures/maintainability.ts[426, 2]: file should end with a newline
",
  "warningCount": 3,
}
`;
