// Jest Snapshot v1, https://goo.gl/fbAQLP

exports[`Immutable rules should be valid 1`] = `
Object {
  "errorCount": 2,
  "failures": Array [
    Object {
      "endPosition": Object {
        "character": 15,
        "line": 2,
        "position": 46,
      },
      "failure": "Only the same kind of members allowed in interfaces.",
      "fix": undefined,
      "name": "./fixtures/immutable.ts",
      "ruleName": "no-mixed-interface",
      "ruleSeverity": "ERROR",
      "startPosition": Object {
        "character": 2,
        "line": 2,
        "position": 33,
      },
    },
    Object {
      "endPosition": Object {
        "character": 8,
        "line": 6,
        "position": 75,
      },
      "failure": "Modifying properties of existing object not allowed.",
      "fix": undefined,
      "name": "./fixtures/immutable.ts",
      "ruleName": "no-object-mutation",
      "ruleSeverity": "ERROR",
      "startPosition": Object {
        "character": 0,
        "line": 6,
        "position": 67,
      },
    },
  ],
  "fixes": Array [],
  "format": "prose",
  "output": "
ERROR: ./fixtures/immutable.ts[3, 3]: Only the same kind of members allowed in interfaces.
ERROR: ./fixtures/immutable.ts[7, 1]: Modifying properties of existing object not allowed.
",
  "warningCount": 0,
}
`;
