// Jest Snapshot v1, https://goo.gl/fbAQLP

exports[`JSX rules should be valid 1`] = `
Object {
  "errorCount": 11,
  "failures": Array [
    Object {
      "endPosition": Object {
        "character": 17,
        "line": 5,
        "position": 102,
      },
      "failure": "JSX attributes must be indented further than the opening tag statement",
      "fix": undefined,
      "name": "./fixtures/jsx.tsx",
      "ruleName": "jsx-alignment",
      "ruleSeverity": "ERROR",
      "startPosition": Object {
        "character": 2,
        "line": 5,
        "position": 87,
      },
    },
    Object {
      "endPosition": Object {
        "character": 19,
        "line": 6,
        "position": 122,
      },
      "failure": "JSX attributes must be on their own line and vertically aligned",
      "fix": undefined,
      "name": "./fixtures/jsx.tsx",
      "ruleName": "jsx-alignment",
      "ruleSeverity": "ERROR",
      "startPosition": Object {
        "character": 4,
        "line": 6,
        "position": 107,
      },
    },
    Object {
      "endPosition": Object {
        "character": 13,
        "line": 35,
        "position": 755,
      },
      "failure": "Closing tag must be on its own line and aligned with opening tag",
      "fix": undefined,
      "name": "./fixtures/jsx.tsx",
      "ruleName": "jsx-alignment",
      "ruleSeverity": "ERROR",
      "startPosition": Object {
        "character": 7,
        "line": 35,
        "position": 749,
      },
    },
    Object {
      "endPosition": Object {
        "character": 19,
        "line": 6,
        "position": 122,
      },
      "failure": "Value must be omitted for boolean attributes",
      "fix": undefined,
      "name": "./fixtures/jsx.tsx",
      "ruleName": "jsx-boolean-value",
      "ruleSeverity": "ERROR",
      "startPosition": Object {
        "character": 4,
        "line": 6,
        "position": 107,
      },
    },
    Object {
      "endPosition": Object {
        "character": 58,
        "line": 16,
        "position": 303,
      },
      "failure": "Missing \\"key\\" prop for element.",
      "fix": undefined,
      "name": "./fixtures/jsx.tsx",
      "ruleName": "jsx-key",
      "ruleSeverity": "WARNING",
      "startPosition": Object {
        "character": 44,
        "line": 16,
        "position": 289,
      },
    },
    Object {
      "endPosition": Object {
        "character": 36,
        "line": 30,
        "position": 650,
      },
      "failure": "Binds are forbidden in JSX attributes due to their rendering performance impact",
      "fix": undefined,
      "name": "./fixtures/jsx.tsx",
      "ruleName": "jsx-no-bind",
      "ruleSeverity": "ERROR",
      "startPosition": Object {
        "character": 17,
        "line": 30,
        "position": 631,
      },
    },
    Object {
      "endPosition": Object {
        "character": 32,
        "line": 31,
        "position": 684,
      },
      "failure": "Lambdas are forbidden in JSX attributes due to their rendering performance impact",
      "fix": undefined,
      "name": "./fixtures/jsx.tsx",
      "ruleName": "jsx-no-lambda",
      "ruleSeverity": "ERROR",
      "startPosition": Object {
        "character": 16,
        "line": 31,
        "position": 668,
      },
    },
    Object {
      "endPosition": Object {
        "character": 7,
        "line": 35,
        "position": 749,
      },
      "failure": "Multiline JS expressions inside JSX are forbidden",
      "fix": undefined,
      "name": "./fixtures/jsx.tsx",
      "ruleName": "jsx-no-multiline-js",
      "ruleSeverity": "ERROR",
      "startPosition": Object {
        "character": 7,
        "line": 33,
        "position": 726,
      },
    },
    Object {
      "endPosition": Object {
        "character": 3,
        "line": 44,
        "position": 834,
      },
      "failure": "Multiline JS expressions inside JSX are forbidden",
      "fix": undefined,
      "name": "./fixtures/jsx.tsx",
      "ruleName": "jsx-no-multiline-js",
      "ruleSeverity": "ERROR",
      "startPosition": Object {
        "character": 7,
        "line": 42,
        "position": 819,
      },
    },
    Object {
      "endPosition": Object {
        "character": 25,
        "line": 51,
        "position": 1037,
      },
      "failure": "Pass a callback to ref prop instead of a string literal",
      "fix": undefined,
      "name": "./fixtures/jsx.tsx",
      "ruleName": "jsx-no-string-ref",
      "ruleSeverity": "ERROR",
      "startPosition": Object {
        "character": 20,
        "line": 51,
        "position": 1032,
      },
    },
    Object {
      "endPosition": Object {
        "character": 6,
        "line": 57,
        "position": 1108,
      },
      "failure": "JSX elements with no children must be self-closing",
      "fix": undefined,
      "name": "./fixtures/jsx.tsx",
      "ruleName": "jsx-self-close",
      "ruleSeverity": "ERROR",
      "startPosition": Object {
        "character": 24,
        "line": 56,
        "position": 1096,
      },
    },
    Object {
      "endPosition": Object {
        "character": 6,
        "line": 57,
        "position": 1108,
      },
      "failure": "Multiline JSX elements must be wrapped in parentheses",
      "fix": undefined,
      "name": "./fixtures/jsx.tsx",
      "ruleName": "jsx-wrap-multiline",
      "ruleSeverity": "ERROR",
      "startPosition": Object {
        "character": 24,
        "line": 56,
        "position": 1096,
      },
    },
  ],
  "fixes": Array [],
  "format": "prose",
  "output": "
ERROR: ./fixtures/jsx.tsx[6, 3]: JSX attributes must be indented further than the opening tag statement
ERROR: ./fixtures/jsx.tsx[7, 5]: JSX attributes must be on their own line and vertically aligned
ERROR: ./fixtures/jsx.tsx[7, 5]: Value must be omitted for boolean attributes
WARNING: ./fixtures/jsx.tsx[17, 45]: Missing \\"key\\" prop for element.
ERROR: ./fixtures/jsx.tsx[31, 18]: Binds are forbidden in JSX attributes due to their rendering performance impact
ERROR: ./fixtures/jsx.tsx[32, 17]: Lambdas are forbidden in JSX attributes due to their rendering performance impact
ERROR: ./fixtures/jsx.tsx[34, 8]: Multiline JS expressions inside JSX are forbidden
ERROR: ./fixtures/jsx.tsx[36, 8]: Closing tag must be on its own line and aligned with opening tag
ERROR: ./fixtures/jsx.tsx[43, 8]: Multiline JS expressions inside JSX are forbidden
ERROR: ./fixtures/jsx.tsx[52, 21]: Pass a callback to ref prop instead of a string literal
ERROR: ./fixtures/jsx.tsx[57, 25]: JSX elements with no children must be self-closing
ERROR: ./fixtures/jsx.tsx[57, 25]: Multiline JSX elements must be wrapped in parentheses
",
  "warningCount": 1,
}
`;
